../Core/Src/blinky.c:60:6:blinky_init	24	static
../Core/Src/blinky.c:80:6:blinky_enter	16	static
../Core/Src/blinky.c:93:6:blinky_exit	16	static
../Core/Src/blinky.c:107:12:blinky_is_active	24	static
../Core/Src/blinky.c:123:12:blinky_is_final	16	static
../Core/Src/blinky.c:129:6:blinky_raise_time_event	24	static
../Core/Src/blinky.c:139:12:blinky_is_state_active	24	static
../Core/Src/blinky.c:159:13:clear_in_events	16	static
../Core/Src/blinky.c:165:13:micro_step	16	static
../Core/Src/blinky.c:183:13:run_cycle	16	static
../Core/Src/blinky.c:204:8:blinky_get_main	16	static
../Core/Src/blinky.c:208:6:blinky_set_main	16	static
../Core/Src/blinky.c:216:13:enact_main_region_LEDs_off	16	static
../Core/Src/blinky.c:227:13:enact_main_region_LEDs_on	16	static
../Core/Src/blinky.c:238:13:exact_main_region_LEDs_off	16	static
../Core/Src/blinky.c:245:13:exact_main_region_LEDs_on	16	static
../Core/Src/blinky.c:252:13:enseq_main_region_LEDs_off_default	16	static
../Core/Src/blinky.c:260:13:enseq_main_region_LEDs_on_default	16	static
../Core/Src/blinky.c:268:13:enseq_main_region_default	16	static
../Core/Src/blinky.c:275:13:exseq_main_region_LEDs_off	16	static
../Core/Src/blinky.c:283:13:exseq_main_region_LEDs_on	16	static
../Core/Src/blinky.c:291:13:exseq_main_region	16	static
../Core/Src/blinky.c:312:13:react_main_region__entry_Default	16	static
../Core/Src/blinky.c:319:19:react	16	static
../Core/Src/blinky.c:326:19:main_region_LEDs_off_react	24	static
../Core/Src/blinky.c:347:19:main_region_LEDs_on_react	24	static
../Core/Src/blinky.c:371:13:blinky_eventqueue_init	24	static
../Core/Src/blinky.c:380:19:blinky_eventqueue_size	16	static
../Core/Src/blinky.c:385:21:blinky_eventqueue_pop	24	static
../Core/Src/blinky.c:404:19:blinky_eventqueue_push	16	static
../Core/Src/blinky.c:423:13:blinky_event_init	16	static
../Core/Src/blinky.c:428:13:blinky_add_event_to_queue	24	static
../Core/Src/blinky.c:435:13:blinky_dispatch_event	16	static
../Core/Src/blinky.c:452:21:blinky_get_next_event	24	static
../Core/Src/blinky.c:462:13:blinky_dispatch_next_event	24	static
../Core/Src/blinky.c:469:22:blinky_get_timed_event_name	16	static
